app/post/[postId].tsx(24,7): error TS2741: Property 'attendance' is missing in type '{ lecture: string; assignment: string; test: string; note: string; announcement: string; cancellation: string; }' but required in type 'Record<PostType, string>'.
components/cards/PostCard.tsx(17,7): error TS2741: Property 'attendance' is missing in type '{ lecture: string; assignment: string; test: string; note: string; announcement: string; cancellation: string; }' but required in type 'Record<PostType, string>'.
components/cards/PostCard.tsx(26,7): error TS2741: Property 'attendance' is missing in type '{ lecture: string; assignment: string; test: string; note: string; announcement: string; cancellation: string; }' but required in type 'Record<PostType, string>'.
components/sheets/CreatePostSheet.tsx(39,7): error TS2741: Property 'attendance' is missing in type '{ lecture: string; assignment: string; test: string; note: string; announcement: string; cancellation: string; }' but required in type 'Record<PostType, string>'.
hooks/usePushNotifications.ts(89,53): error TS2322: Type 'Promise<{ shouldShowAlert: true; shouldPlaySound: true; shouldSetBadge: true; }>' is not assignable to type 'Promise<NotificationBehavior>'.
  Type '{ shouldShowAlert: true; shouldPlaySound: true; shouldSetBadge: true; }' is missing the following properties from type 'NotificationBehavior': shouldShowBanner, shouldShowList
services/attendanceService.ts(380,35): error TS2339: Property 'cacheDirectory' does not exist on type 'typeof import("C:/Users/HomePC/Documents/REPCODE/Class sync/classsync/node_modules/expo-file-system/build/index")'.
services/attendanceService.ts(382,80): error TS2339: Property 'EncodingType' does not exist on type 'typeof import("C:/Users/HomePC/Documents/REPCODE/Class sync/classsync/node_modules/expo-file-system/build/index")'.
services/postService.ts(80,11): error TS2741: Property 'attendance' is missing in type '{ lecture: string; assignment: string; test: string; note: string; announcement: string; cancellation: string; }' but required in type 'Record<PostType, string>'.
